Archive member included to satisfy reference by file (symbol)

/opt/st/stm32cubeide_1.4.0/plugins/com.st.stm32cube.ide.mcu.externaltools.gnu-tools-for-stm32.7-2018-q2-update.linux64_1.4.0.202007081208/tools/bin/../lib/gcc/arm-none-eabi/7.3.1/../../../../arm-none-eabi/lib/thumb/v6-m/libc_nano.a(lib_a-errno.o)
                              Core/Src/syscalls.o (__errno)
/opt/st/stm32cubeide_1.4.0/plugins/com.st.stm32cube.ide.mcu.externaltools.gnu-tools-for-stm32.7-2018-q2-update.linux64_1.4.0.202007081208/tools/bin/../lib/gcc/arm-none-eabi/7.3.1/../../../../arm-none-eabi/lib/thumb/v6-m/libc_nano.a(lib_a-exit.o)
                              /opt/st/stm32cubeide_1.4.0/plugins/com.st.stm32cube.ide.mcu.externaltools.gnu-tools-for-stm32.7-2018-q2-update.linux64_1.4.0.202007081208/tools/bin/../lib/gcc/arm-none-eabi/7.3.1/../../../../arm-none-eabi/lib/thumb/v6-m/crt0.o (exit)
/opt/st/stm32cubeide_1.4.0/plugins/com.st.stm32cube.ide.mcu.externaltools.gnu-tools-for-stm32.7-2018-q2-update.linux64_1.4.0.202007081208/tools/bin/../lib/gcc/arm-none-eabi/7.3.1/../../../../arm-none-eabi/lib/thumb/v6-m/libc_nano.a(lib_a-impure.o)
                              /opt/st/stm32cubeide_1.4.0/plugins/com.st.stm32cube.ide.mcu.externaltools.gnu-tools-for-stm32.7-2018-q2-update.linux64_1.4.0.202007081208/tools/bin/../lib/gcc/arm-none-eabi/7.3.1/../../../../arm-none-eabi/lib/thumb/v6-m/libc_nano.a(lib_a-exit.o) (_global_impure_ptr)
/opt/st/stm32cubeide_1.4.0/plugins/com.st.stm32cube.ide.mcu.externaltools.gnu-tools-for-stm32.7-2018-q2-update.linux64_1.4.0.202007081208/tools/bin/../lib/gcc/arm-none-eabi/7.3.1/../../../../arm-none-eabi/lib/thumb/v6-m/libc_nano.a(lib_a-init.o)
                              /opt/st/stm32cubeide_1.4.0/plugins/com.st.stm32cube.ide.mcu.externaltools.gnu-tools-for-stm32.7-2018-q2-update.linux64_1.4.0.202007081208/tools/bin/../lib/gcc/arm-none-eabi/7.3.1/../../../../arm-none-eabi/lib/thumb/v6-m/crt0.o (__libc_init_array)
/opt/st/stm32cubeide_1.4.0/plugins/com.st.stm32cube.ide.mcu.externaltools.gnu-tools-for-stm32.7-2018-q2-update.linux64_1.4.0.202007081208/tools/bin/../lib/gcc/arm-none-eabi/7.3.1/../../../../arm-none-eabi/lib/thumb/v6-m/libc_nano.a(lib_a-memcpy-stub.o)
                              Middlewares/Third_Party/FreeRTOS/Source/queue.o (memcpy)
/opt/st/stm32cubeide_1.4.0/plugins/com.st.stm32cube.ide.mcu.externaltools.gnu-tools-for-stm32.7-2018-q2-update.linux64_1.4.0.202007081208/tools/bin/../lib/gcc/arm-none-eabi/7.3.1/../../../../arm-none-eabi/lib/thumb/v6-m/libc_nano.a(lib_a-memset.o)
                              /opt/st/stm32cubeide_1.4.0/plugins/com.st.stm32cube.ide.mcu.externaltools.gnu-tools-for-stm32.7-2018-q2-update.linux64_1.4.0.202007081208/tools/bin/../lib/gcc/arm-none-eabi/7.3.1/../../../../arm-none-eabi/lib/thumb/v6-m/crt0.o (memset)
/opt/st/stm32cubeide_1.4.0/plugins/com.st.stm32cube.ide.mcu.externaltools.gnu-tools-for-stm32.7-2018-q2-update.linux64_1.4.0.202007081208/tools/bin/../lib/gcc/arm-none-eabi/7.3.1/thumb/v6-m/libgcc.a(_udivsi3.o)
                              Core/Src/stm32f0xx_hal_timebase_tim.o (__aeabi_uidiv)
/opt/st/stm32cubeide_1.4.0/plugins/com.st.stm32cube.ide.mcu.externaltools.gnu-tools-for-stm32.7-2018-q2-update.linux64_1.4.0.202007081208/tools/bin/../lib/gcc/arm-none-eabi/7.3.1/thumb/v6-m/libgcc.a(_dvmd_tls.o)
                              /opt/st/stm32cubeide_1.4.0/plugins/com.st.stm32cube.ide.mcu.externaltools.gnu-tools-for-stm32.7-2018-q2-update.linux64_1.4.0.202007081208/tools/bin/../lib/gcc/arm-none-eabi/7.3.1/thumb/v6-m/libgcc.a(_udivsi3.o) (__aeabi_idiv0)

Allocating common symbols
Common symbol       size              file

defaultTaskHandle   0x4               Core/Src/main.o
offHandle           0x4               Core/Src/main.o
uwTick              0x4               Drivers/STM32F0xx_HAL_Driver/Src/stm32f0xx_hal.o
xQueueRegistry      0x40              Middlewares/Third_Party/FreeRTOS/Source/queue.o
pFlash              0x20              Drivers/STM32F0xx_HAL_Driver/Src/stm32f0xx_hal_flash.o
onHandle            0x4               Core/Src/main.o
ledMutexHandle      0x4               Core/Src/main.o
htim14              0x40              Core/Src/stm32f0xx_hal_timebase_tim.o

Discarded input sections

 .text          0x0000000000000000        0x0 /opt/st/stm32cubeide_1.4.0/plugins/com.st.stm32cube.ide.mcu.externaltools.gnu-tools-for-stm32.7-2018-q2-update.linux64_1.4.0.202007081208/tools/bin/../lib/gcc/arm-none-eabi/7.3.1/thumb/v6-m/crti.o
 .data          0x0000000000000000        0x0 /opt/st/stm32cubeide_1.4.0/plugins/com.st.stm32cube.ide.mcu.externaltools.gnu-tools-for-stm32.7-2018-q2-update.linux64_1.4.0.202007081208/tools/bin/../lib/gcc/arm-none-eabi/7.3.1/thumb/v6-m/crti.o
 .bss           0x0000000000000000        0x0 /opt/st/stm32cubeide_1.4.0/plugins/com.st.stm32cube.ide.mcu.externaltools.gnu-tools-for-stm32.7-2018-q2-update.linux64_1.4.0.202007081208/tools/bin/../lib/gcc/arm-none-eabi/7.3.1/thumb/v6-m/crti.o
[...]
Memory Configuration

Name             Origin             Length             Attributes
RAM              0x0000000020000000 0x0000000000001000 xrw
FLASH            0x0000000008000000 0x0000000000004000 xr
*default*        0x0000000000000000 0xffffffffffffffff

Linker script and memory map

LOAD /opt/st/stm32cubeide_1.4.0/plugins/com.st.stm32cube.ide.mcu.externaltools.gnu-tools-for-stm32.7-2018-q2-update.linux64_1.4.0.202007081208/tools/bin/../lib/gcc/arm-none-eabi/7.3.1/thumb/v6-m/crti.o
LOAD /opt/st/stm32cubeide_1.4.0/plugins/com.st.stm32cube.ide.mcu.externaltools.gnu-tools-for-stm32.7-2018-q2-update.linux64_1.4.0.202007081208/tools/bin/../lib/gcc/arm-none-eabi/7.3.1/thumb/v6-m/crtbegin.o
LOAD /opt/st/stm32cubeide_1.4.0/plugins/com.st.stm32cube.ide.mcu.externaltools.gnu-tools-for-stm32.7-2018-q2-update.linux64_1.4.0.202007081208/tools/bin/../lib/gcc/arm-none-eabi/7.3.1/../../../../arm-none-eabi/lib/thumb/v6-m/crt0.o
LOAD Core/Src/freertos.o
LOAD Core/Src/main.o
LOAD Core/Src/stm32f0xx_hal_msp.o
LOAD Core/Src/stm32f0xx_hal_timebase_tim.o
LOAD Core/Src/stm32f0xx_it.o
LOAD Core/Src/syscalls.o
LOAD Core/Src/sysmem.o
LOAD Core/Src/system_stm32f0xx.o
LOAD Core/Startup/startup_stm32f030f4px.o
LOAD Drivers/STM32F0xx_HAL_Driver/Src/stm32f0xx_hal.o
LOAD Drivers/STM32F0xx_HAL_Driver/Src/stm32f0xx_hal_cortex.o
LOAD Drivers/STM32F0xx_HAL_Driver/Src/stm32f0xx_hal_dma.o
LOAD Drivers/STM32F0xx_HAL_Driver/Src/stm32f0xx_hal_exti.o
LOAD Drivers/STM32F0xx_HAL_Driver/Src/stm32f0xx_hal_flash.o
LOAD Drivers/STM32F0xx_HAL_Driver/Src/stm32f0xx_hal_flash_ex.o
LOAD Drivers/STM32F0xx_HAL_Driver/Src/stm32f0xx_hal_gpio.o
LOAD Drivers/STM32F0xx_HAL_Driver/Src/stm32f0xx_hal_i2c.o
LOAD Drivers/STM32F0xx_HAL_Driver/Src/stm32f0xx_hal_i2c_ex.o
LOAD Drivers/STM32F0xx_HAL_Driver/Src/stm32f0xx_hal_pwr.o
LOAD Drivers/STM32F0xx_HAL_Driver/Src/stm32f0xx_hal_pwr_ex.o
LOAD Drivers/STM32F0xx_HAL_Driver/Src/stm32f0xx_hal_rcc.o
LOAD Drivers/STM32F0xx_HAL_Driver/Src/stm32f0xx_hal_rcc_ex.o
LOAD Drivers/STM32F0xx_HAL_Driver/Src/stm32f0xx_hal_tim.o
LOAD Drivers/STM32F0xx_HAL_Driver/Src/stm32f0xx_hal_tim_ex.o
LOAD Middlewares/Third_Party/FreeRTOS/Source/CMSIS_RTOS/cmsis_os.o
LOAD Middlewares/Third_Party/FreeRTOS/Source/croutine.o
LOAD Middlewares/Third_Party/FreeRTOS/Source/event_groups.o
LOAD Middlewares/Third_Party/FreeRTOS/Source/list.o
LOAD Middlewares/Third_Party/FreeRTOS/Source/queue.o
LOAD Middlewares/Third_Party/FreeRTOS/Source/stream_buffer.o
LOAD Middlewares/Third_Party/FreeRTOS/Source/tasks.o
LOAD Middlewares/Third_Party/FreeRTOS/Source/timers.o
LOAD Middlewares/Third_Party/FreeRTOS/Source/portable/GCC/ARM_CM0/port.o
LOAD Middlewares/Third_Party/FreeRTOS/Source/portable/MemMang/heap_4.o
START GROUP
LOAD /opt/st/stm32cubeide_1.4.0/plugins/com.st.stm32cube.ide.mcu.externaltools.gnu-tools-for-stm32.7-2018-q2-update.linux64_1.4.0.202007081208/tools/bin/../lib/gcc/arm-none-eabi/7.3.1/../../../../arm-none-eabi/lib/thumb/v6-m/libc_nano.a
LOAD /opt/st/stm32cubeide_1.4.0/plugins/com.st.stm32cube.ide.mcu.externaltools.gnu-tools-for-stm32.7-2018-q2-update.linux64_1.4.0.202007081208/tools/bin/../lib/gcc/arm-none-eabi/7.3.1/../../../../arm-none-eabi/lib/thumb/v6-m/libm.a
END GROUP
START GROUP
LOAD /opt/st/stm32cubeide_1.4.0/plugins/com.st.stm32cube.ide.mcu.externaltools.gnu-tools-for-stm32.7-2018-q2-update.linux64_1.4.0.202007081208/tools/bin/../lib/gcc/arm-none-eabi/7.3.1/thumb/v6-m/libgcc.a
LOAD /opt/st/stm32cubeide_1.4.0/plugins/com.st.stm32cube.ide.mcu.externaltools.gnu-tools-for-stm32.7-2018-q2-update.linux64_1.4.0.202007081208/tools/bin/../lib/gcc/arm-none-eabi/7.3.1/../../../../arm-none-eabi/lib/thumb/v6-m/libc_nano.a
END GROUP
START GROUP
LOAD /opt/st/stm32cubeide_1.4.0/plugins/com.st.stm32cube.ide.mcu.externaltools.gnu-tools-for-stm32.7-2018-q2-update.linux64_1.4.0.202007081208/tools/bin/../lib/gcc/arm-none-eabi/7.3.1/thumb/v6-m/libgcc.a
LOAD /opt/st/stm32cubeide_1.4.0/plugins/com.st.stm32cube.ide.mcu.externaltools.gnu-tools-for-stm32.7-2018-q2-update.linux64_1.4.0.202007081208/tools/bin/../lib/gcc/arm-none-eabi/7.3.1/../../../../arm-none-eabi/lib/thumb/v6-m/libc_nano.a
LOAD /opt/st/stm32cubeide_1.4.0/plugins/com.st.stm32cube.ide.mcu.externaltools.gnu-tools-for-stm32.7-2018-q2-update.linux64_1.4.0.202007081208/tools/bin/../lib/gcc/arm-none-eabi/7.3.1/../../../../arm-none-eabi/lib/thumb/v6-m/libnosys.a
END GROUP
START GROUP
LOAD /opt/st/stm32cubeide_1.4.0/plugins/com.st.stm32cube.ide.mcu.externaltools.gnu-tools-for-stm32.7-2018-q2-update.linux64_1.4.0.202007081208/tools/bin/../lib/gcc/arm-none-eabi/7.3.1/thumb/v6-m/libgcc.a
LOAD /opt/st/stm32cubeide_1.4.0/plugins/com.st.stm32cube.ide.mcu.externaltools.gnu-tools-for-stm32.7-2018-q2-update.linux64_1.4.0.202007081208/tools/bin/../lib/gcc/arm-none-eabi/7.3.1/../../../../arm-none-eabi/lib/thumb/v6-m/libc_nano.a
LOAD /opt/st/stm32cubeide_1.4.0/plugins/com.st.stm32cube.ide.mcu.externaltools.gnu-tools-for-stm32.7-2018-q2-update.linux64_1.4.0.202007081208/tools/bin/../lib/gcc/arm-none-eabi/7.3.1/../../../../arm-none-eabi/lib/thumb/v6-m/libnosys.a
END GROUP
LOAD /opt/st/stm32cubeide_1.4.0/plugins/com.st.stm32cube.ide.mcu.externaltools.gnu-tools-for-stm32.7-2018-q2-update.linux64_1.4.0.202007081208/tools/bin/../lib/gcc/arm-none-eabi/7.3.1/thumb/v6-m/crtend.o
LOAD /opt/st/stm32cubeide_1.4.0/plugins/com.st.stm32cube.ide.mcu.externaltools.gnu-tools-for-stm32.7-2018-q2-update.linux64_1.4.0.202007081208/tools/bin/../lib/gcc/arm-none-eabi/7.3.1/thumb/v6-m/crtn.o
                0x0000000020001000                _estack = (ORIGIN (RAM) + LENGTH (RAM))
                0x0000000000000200                _Min_Heap_Size = 0x200
                0x0000000000000400                _Min_Stack_Size = 0x400

.isr_vector     0x0000000008000000       0xc0
                0x0000000008000000                . = ALIGN (0x4)
 *(.isr_vector)
 .isr_vector    0x0000000008000000       0xc0 Core/Startup/startup_stm32f030f4px.o
                0x0000000008000000                g_pfnVectors
                0x00000000080000c0                . = ALIGN (0x4)

.text           0x00000000080000c0     0x3930
                0x00000000080000c0                . = ALIGN (0x4)
 *(.text)
 .text          0x00000000080000c0       0x48 /opt/st/stm32cubeide_1.4.0/plugins/com.st.stm32cube.ide.mcu.externaltools.gnu-tools-for-stm32.7-2018-q2-update.linux64_1.4.0.202007081208/tools/bin/../lib/gcc/arm-none-eabi/7.3.1/thumb/v6-m/crtbegin.o
 .text          0x0000000008000108      0x114 /opt/st/stm32cubeide_1.4.0/plugins/com.st.stm32cube.ide.mcu.externaltools.gnu-tools-for-stm32.7-2018-q2-update.linux64_1.4.0.202007081208/tools/bin/../lib/gcc/arm-none-eabi/7.3.1/thumb/v6-m/libgcc.a(_udivsi3.o)
                0x0000000008000108                __udivsi3
                0x0000000008000108                __aeabi_uidiv
                0x0000000008000214                __aeabi_uidivmod
 .text          0x000000000800021c        0x4 /opt/st/stm32cubeide_1.4.0/plugins/com.st.stm32cube.ide.mcu.externaltools.gnu-tools-for-stm32.7-2018-q2-update.linux64_1.4.0.202007081208/tools/bin/../lib/gcc/arm-none-eabi/7.3.1/thumb/v6-m/libgcc.a(_dvmd_tls.o)
                0x000000000800021c                __aeabi_ldiv0
                0x000000000800021c                __aeabi_idiv0
 *(.text*)
 .text.vApplicationGetIdleTaskMemory
                0x0000000008000220       0x30 Core/Src/freertos.o
                0x0000000008000220                vApplicationGetIdleTaskMemory
 .text.main     0x0000000008000250       0xb4 Core/Src/main.o
                0x0000000008000250                main
 .text.SystemClock_Config
                0x0000000008000304       0x94 Core/Src/main.o
                0x0000000008000304                SystemClock_Config
 .text.MX_GPIO_Init
                0x0000000008000398       0x70 Core/Src/main.o
 .text.StartDefaultTask
                0x0000000008000408       0x10 Core/Src/main.o
                0x0000000008000408                StartDefaultTask
 .text.StartOn  0x0000000008000418       0x40 Core/Src/main.o
                0x0000000008000418                StartOn
 .text.StartOff
                0x0000000008000458       0x40 Core/Src/main.o
                0x0000000008000458                StartOff
 .text.HAL_TIM_PeriodElapsedCallback
                0x0000000008000498       0x24 Core/Src/main.o
                0x0000000008000498                HAL_TIM_PeriodElapsedCallback
 .text.Error_Handler
                0x00000000080004bc        0xa Core/Src/main.o
                0x00000000080004bc                Error_Handler
 *fill*         0x00000000080004c6        0x2 
 .text.HAL_MspInit
                0x00000000080004c8       0x48 Core/Src/stm32f0xx_hal_msp.o
                0x00000000080004c8                HAL_MspInit
 .text.HAL_InitTick
                0x0000000008000510       0xbc Core/Src/stm32f0xx_hal_timebase_tim.o
                0x0000000008000510                HAL_InitTick
 .text.NMI_Handler
                0x00000000080005cc        0xa Core/Src/stm32f0xx_it.o
                0x00000000080005cc                NMI_Handler
 .text.HardFault_Handler
                0x00000000080005d6        0x6 Core/Src/stm32f0xx_it.o
                0x00000000080005d6                HardFault_Handler
 .text.TIM14_IRQHandler
                0x00000000080005dc       0x18 Core/Src/stm32f0xx_it.o
                0x00000000080005dc                TIM14_IRQHandler
 .text.SystemInit
                0x00000000080005f4        0xa Core/Src/system_stm32f0xx.o
                0x00000000080005f4                SystemInit
 *fill*         0x00000000080005fe        0x2 
 .text.Reset_Handler
                0x0000000008000600       0x50 Core/Startup/startup_stm32f030f4px.o
                0x0000000008000600                Reset_Handler
 .text.Default_Handler
                0x0000000008000650        0x2 Core/Startup/startup_stm32f030f4px.o
                0x0000000008000650                TIM1_CC_IRQHandler
                0x0000000008000650                I2C1_IRQHandler
                0x0000000008000650                SPI1_IRQHandler
                0x0000000008000650                EXTI2_3_IRQHandler
                0x0000000008000650                ADC1_IRQHandler
                0x0000000008000650                TIM17_IRQHandler
                0x0000000008000650                RTC_IRQHandler
                0x0000000008000650                TIM16_IRQHandler
                0x0000000008000650                TIM3_IRQHandler
                0x0000000008000650                EXTI4_15_IRQHandler
                0x0000000008000650                RCC_IRQHandler
                0x0000000008000650                DMA1_Channel1_IRQHandler
                0x0000000008000650                Default_Handler
                0x0000000008000650                DMA1_Channel4_5_IRQHandler
                0x0000000008000650                EXTI0_1_IRQHandler
                0x0000000008000650                WWDG_IRQHandler
                0x0000000008000650                DMA1_Channel2_3_IRQHandler
                0x0000000008000650                FLASH_IRQHandler
                0x0000000008000650                USART1_IRQHandler
                0x0000000008000650                TIM1_BRK_UP_TRG_COM_IRQHandler
 *fill*         0x0000000008000652        0x2 
 .text.HAL_Init
                0x0000000008000654       0x28 Drivers/STM32F0xx_HAL_Driver/Src/stm32f0xx_hal.o
                0x0000000008000654                HAL_Init
 .text.HAL_IncTick
                0x000000000800067c       0x24 Drivers/STM32F0xx_HAL_Driver/Src/stm32f0xx_hal.o
                0x000000000800067c                HAL_IncTick
 .text.HAL_GetTick
                0x00000000080006a0       0x14 Drivers/STM32F0xx_HAL_Driver/Src/stm32f0xx_hal.o
                0x00000000080006a0                HAL_GetTick
 .text.__NVIC_EnableIRQ
                0x00000000080006b4       0x34 Drivers/STM32F0xx_HAL_Driver/Src/stm32f0xx_hal_cortex.o
 .text.__NVIC_SetPriority
                0x00000000080006e8       0xdc Drivers/STM32F0xx_HAL_Driver/Src/stm32f0xx_hal_cortex.o
 .text.HAL_NVIC_SetPriority
                0x00000000080007c4       0x2a Drivers/STM32F0xx_HAL_Driver/Src/stm32f0xx_hal_cortex.o
                0x00000000080007c4                HAL_NVIC_SetPriority
 .text.HAL_NVIC_EnableIRQ
                0x00000000080007ee       0x20 Drivers/STM32F0xx_HAL_Driver/Src/stm32f0xx_hal_cortex.o
                0x00000000080007ee                HAL_NVIC_EnableIRQ
 *fill*         0x000000000800080e        0x2 
 .text.HAL_GPIO_Init
                0x0000000008000810      0x2e0 Drivers/STM32F0xx_HAL_Driver/Src/stm32f0xx_hal_gpio.o
                0x0000000008000810                HAL_GPIO_Init
 .text.HAL_GPIO_WritePin
                0x0000000008000af0       0x3a Drivers/STM32F0xx_HAL_Driver/Src/stm32f0xx_hal_gpio.o
                0x0000000008000af0                HAL_GPIO_WritePin
 *fill*         0x0000000008000b2a        0x2 
 .text.HAL_RCC_OscConfig
                0x0000000008000b2c      0x638 Drivers/STM32F0xx_HAL_Driver/Src/stm32f0xx_hal_rcc.o
                0x0000000008000b2c                HAL_RCC_OscConfig
 .text.HAL_RCC_ClockConfig
                0x0000000008001164      0x19c Drivers/STM32F0xx_HAL_Driver/Src/stm32f0xx_hal_rcc.o
                0x0000000008001164                HAL_RCC_ClockConfig
 .text.HAL_RCC_GetSysClockFreq
                0x0000000008001300       0xc8 Drivers/STM32F0xx_HAL_Driver/Src/stm32f0xx_hal_rcc.o
                0x0000000008001300                HAL_RCC_GetSysClockFreq
 .text.HAL_RCC_GetHCLKFreq
                0x00000000080013c8       0x14 Drivers/STM32F0xx_HAL_Driver/Src/stm32f0xx_hal_rcc.o
                0x00000000080013c8                HAL_RCC_GetHCLKFreq
 .text.HAL_RCC_GetPCLK1Freq
                0x00000000080013dc       0x2c Drivers/STM32F0xx_HAL_Driver/Src/stm32f0xx_hal_rcc.o
                0x00000000080013dc                HAL_RCC_GetPCLK1Freq
 .text.HAL_RCC_GetClockConfig
                0x0000000008001408       0x54 Drivers/STM32F0xx_HAL_Driver/Src/stm32f0xx_hal_rcc.o
                0x0000000008001408                HAL_RCC_GetClockConfig
 .text.HAL_TIM_Base_Init
                0x000000000800145c       0x58 Drivers/STM32F0xx_HAL_Driver/Src/stm32f0xx_hal_tim.o
                0x000000000800145c                HAL_TIM_Base_Init
 .text.HAL_TIM_Base_MspInit
                0x00000000080014b4       0x10 Drivers/STM32F0xx_HAL_Driver/Src/stm32f0xx_hal_tim.o
                0x00000000080014b4                HAL_TIM_Base_MspInit
 .text.HAL_TIM_Base_Start_IT
                0x00000000080014c4       0x44 Drivers/STM32F0xx_HAL_Driver/Src/stm32f0xx_hal_tim.o
                0x00000000080014c4                HAL_TIM_Base_Start_IT
 .text.HAL_TIM_IRQHandler
                0x0000000008001508      0x22c Drivers/STM32F0xx_HAL_Driver/Src/stm32f0xx_hal_tim.o
                0x0000000008001508                HAL_TIM_IRQHandler
 .text.HAL_TIM_OC_DelayElapsedCallback
                0x0000000008001734       0x10 Drivers/STM32F0xx_HAL_Driver/Src/stm32f0xx_hal_tim.o
                0x0000000008001734                HAL_TIM_OC_DelayElapsedCallback
 .text.HAL_TIM_IC_CaptureCallback
                0x0000000008001744       0x10 Drivers/STM32F0xx_HAL_Driver/Src/stm32f0xx_hal_tim.o
                0x0000000008001744                HAL_TIM_IC_CaptureCallback
 .text.HAL_TIM_PWM_PulseFinishedCallback
                0x0000000008001754       0x10 Drivers/STM32F0xx_HAL_Driver/Src/stm32f0xx_hal_tim.o
                0x0000000008001754                HAL_TIM_PWM_PulseFinishedCallback
 .text.HAL_TIM_TriggerCallback
                0x0000000008001764       0x10 Drivers/STM32F0xx_HAL_Driver/Src/stm32f0xx_hal_tim.o
                0x0000000008001764                HAL_TIM_TriggerCallback
 .text.TIM_Base_SetConfig
                0x0000000008001774       0xd8 Drivers/STM32F0xx_HAL_Driver/Src/stm32f0xx_hal_tim.o
                0x0000000008001774                TIM_Base_SetConfig
 .text.HAL_TIMEx_CommutCallback
                0x000000000800184c       0x10 Drivers/STM32F0xx_HAL_Driver/Src/stm32f0xx_hal_tim_ex.o
                0x000000000800184c                HAL_TIMEx_CommutCallback
 .text.HAL_TIMEx_BreakCallback
                0x000000000800185c       0x10 Drivers/STM32F0xx_HAL_Driver/Src/stm32f0xx_hal_tim_ex.o
                0x000000000800185c                HAL_TIMEx_BreakCallback
 .text.makeFreeRtosPriority
                0x000000000800186c       0x32 Middlewares/Third_Party/FreeRTOS/Source/CMSIS_RTOS/cmsis_os.o
 .text.inHandlerMode
                0x000000000800189e       0x1c Middlewares/Third_Party/FreeRTOS/Source/CMSIS_RTOS/cmsis_os.o
 .text.osKernelStart
                0x00000000080018ba       0x10 Middlewares/Third_Party/FreeRTOS/Source/CMSIS_RTOS/cmsis_os.o
                0x00000000080018ba                osKernelStart
 .text.osThreadCreate
                0x00000000080018ca       0x9a Middlewares/Third_Party/FreeRTOS/Source/CMSIS_RTOS/cmsis_os.o
                0x00000000080018ca                osThreadCreate
 .text.osDelay  0x0000000008001964       0x28 Middlewares/Third_Party/FreeRTOS/Source/CMSIS_RTOS/cmsis_os.o
                0x0000000008001964                osDelay
 .text.osMutexCreate
                0x000000000800198c       0x30 Middlewares/Third_Party/FreeRTOS/Source/CMSIS_RTOS/cmsis_os.o
                0x000000000800198c                osMutexCreate
 .text.osMutexWait
                0x00000000080019bc       0x94 Middlewares/Third_Party/FreeRTOS/Source/CMSIS_RTOS/cmsis_os.o
                0x00000000080019bc                osMutexWait
 .text.osMutexRelease
                0x0000000008001a50       0x64 Middlewares/Third_Party/FreeRTOS/Source/CMSIS_RTOS/cmsis_os.o
                0x0000000008001a50                osMutexRelease
 .text.vListInitialise
                0x0000000008001ab4       0x3c Middlewares/Third_Party/FreeRTOS/Source/list.o
                0x0000000008001ab4                vListInitialise
 .text.vListInitialiseItem
                0x0000000008001af0       0x16 Middlewares/Third_Party/FreeRTOS/Source/list.o
                0x0000000008001af0                vListInitialiseItem
 .text.vListInsertEnd
                0x0000000008001b06       0x44 Middlewares/Third_Party/FreeRTOS/Source/list.o
                0x0000000008001b06                vListInsertEnd
 .text.vListInsert
                0x0000000008001b4a       0x6c Middlewares/Third_Party/FreeRTOS/Source/list.o
                0x0000000008001b4a                vListInsert
 .text.uxListRemove
                0x0000000008001bb6       0x50 Middlewares/Third_Party/FreeRTOS/Source/list.o
                0x0000000008001bb6                uxListRemove
 .text.xQueueGenericReset
                0x0000000008001c06       0xa8 Middlewares/Third_Party/FreeRTOS/Source/queue.o
                0x0000000008001c06                xQueueGenericReset
 .text.xQueueGenericCreateStatic
                0x0000000008001cae       0x96 Middlewares/Third_Party/FreeRTOS/Source/queue.o
                0x0000000008001cae                xQueueGenericCreateStatic
 .text.xQueueGenericCreate
                0x0000000008001d44       0x6c Middlewares/Third_Party/FreeRTOS/Source/queue.o
                0x0000000008001d44                xQueueGenericCreate
 .text.prvInitialiseNewQueue
                0x0000000008001db0       0x44 Middlewares/Third_Party/FreeRTOS/Source/queue.o
 .text.prvInitialiseMutex
                0x0000000008001df4       0x34 Middlewares/Third_Party/FreeRTOS/Source/queue.o
 .text.xQueueCreateMutex
                0x0000000008001e28       0x38 Middlewares/Third_Party/FreeRTOS/Source/queue.o
                0x0000000008001e28                xQueueCreateMutex
 .text.xQueueCreateMutexStatic
                0x0000000008001e60       0x40 Middlewares/Third_Party/FreeRTOS/Source/queue.o
                0x0000000008001e60                xQueueCreateMutexStatic
 .text.xQueueGenericSend
                0x0000000008001ea0      0x188 Middlewares/Third_Party/FreeRTOS/Source/queue.o
                0x0000000008001ea0                xQueueGenericSend
 .text.xQueueGiveFromISR
                0x0000000008002028       0xca Middlewares/Third_Party/FreeRTOS/Source/queue.o
                0x0000000008002028                xQueueGiveFromISR
 .text.xQueueSemaphoreTake
                0x00000000080020f2      0x1b4 Middlewares/Third_Party/FreeRTOS/Source/queue.o
                0x00000000080020f2                xQueueSemaphoreTake
 .text.xQueueReceiveFromISR
                0x00000000080022a6       0xc6 Middlewares/Third_Party/FreeRTOS/Source/queue.o
                0x00000000080022a6                xQueueReceiveFromISR
 .text.prvGetDisinheritPriorityAfterTimeout
                0x000000000800236c       0x2c Middlewares/Third_Party/FreeRTOS/Source/queue.o
 .text.prvCopyDataToQueue
                0x0000000008002398       0xd6 Middlewares/Third_Party/FreeRTOS/Source/queue.o
 .text.prvCopyDataFromQueue
                0x000000000800246e       0x4c Middlewares/Third_Party/FreeRTOS/Source/queue.o
 .text.prvUnlockQueue
                0x00000000080024ba       0xbc Middlewares/Third_Party/FreeRTOS/Source/queue.o
 .text.prvIsQueueEmpty
                0x0000000008002576       0x2c Middlewares/Third_Party/FreeRTOS/Source/queue.o
 .text.prvIsQueueFull
                0x00000000080025a2       0x30 Middlewares/Third_Party/FreeRTOS/Source/queue.o
 .text.xTaskCreateStatic
                0x00000000080025d2       0x86 Middlewares/Third_Party/FreeRTOS/Source/tasks.o
                0x00000000080025d2                xTaskCreateStatic
 .text.xTaskCreate
                0x0000000008002658       0x98 Middlewares/Third_Party/FreeRTOS/Source/tasks.o
                0x0000000008002658                xTaskCreate
 .text.prvInitialiseNewTask
                0x00000000080026f0       0xf4 Middlewares/Third_Party/FreeRTOS/Source/tasks.o
 .text.prvAddNewTaskToReadyList
                0x00000000080027e4       0xc8 Middlewares/Third_Party/FreeRTOS/Source/tasks.o
 .text.vTaskDelay
                0x00000000080028ac       0x4c Middlewares/Third_Party/FreeRTOS/Source/tasks.o
                0x00000000080028ac                vTaskDelay
 .text.vTaskStartScheduler
                0x00000000080028f8       0x9c Middlewares/Third_Party/FreeRTOS/Source/tasks.o
                0x00000000080028f8                vTaskStartScheduler
 .text.vTaskSuspendAll
                0x0000000008002994       0x18 Middlewares/Third_Party/FreeRTOS/Source/tasks.o
                0x0000000008002994                vTaskSuspendAll
 .text.xTaskResumeAll
                0x00000000080029ac      0x118 Middlewares/Third_Party/FreeRTOS/Source/tasks.o
                0x00000000080029ac                xTaskResumeAll
 .text.xTaskIncrementTick
                0x0000000008002ac4      0x168 Middlewares/Third_Party/FreeRTOS/Source/tasks.o
                0x0000000008002ac4                xTaskIncrementTick
 .text.vTaskSwitchContext
                0x0000000008002c2c       0xa4 Middlewares/Third_Party/FreeRTOS/Source/tasks.o
                0x0000000008002c2c                vTaskSwitchContext
 .text.vTaskPlaceOnEventList
                0x0000000008002cd0       0x3c Middlewares/Third_Party/FreeRTOS/Source/tasks.o
                0x0000000008002cd0                vTaskPlaceOnEventList
 .text.xTaskRemoveFromEventList
                0x0000000008002d0c       0xb8 Middlewares/Third_Party/FreeRTOS/Source/tasks.o
                0x0000000008002d0c                xTaskRemoveFromEventList
 .text.vTaskInternalSetTimeOutState
                0x0000000008002dc4       0x28 Middlewares/Third_Party/FreeRTOS/Source/tasks.o
                0x0000000008002dc4                vTaskInternalSetTimeOutState
 .text.xTaskCheckForTimeOut
                0x0000000008002dec       0xa0 Middlewares/Third_Party/FreeRTOS/Source/tasks.o
                0x0000000008002dec                xTaskCheckForTimeOut
 .text.vTaskMissedYield
                0x0000000008002e8c       0x14 Middlewares/Third_Party/FreeRTOS/Source/tasks.o
                0x0000000008002e8c                vTaskMissedYield
 .text.prvIdleTask
                0x0000000008002ea0       0x20 Middlewares/Third_Party/FreeRTOS/Source/tasks.o
 .text.prvInitialiseTaskLists
                0x0000000008002ec0       0x88 Middlewares/Third_Party/FreeRTOS/Source/tasks.o
 .text.prvCheckTasksWaitingTermination
                0x0000000008002f48       0x5c Middlewares/Third_Party/FreeRTOS/Source/tasks.o
 .text.prvDeleteTCB
                0x0000000008002fa4       0x50 Middlewares/Third_Party/FreeRTOS/Source/tasks.o
 .text.prvResetNextTaskUnblockTime
                0x0000000008002ff4       0x48 Middlewares/Third_Party/FreeRTOS/Source/tasks.o
 .text.xTaskGetSchedulerState
                0x000000000800303c       0x38 Middlewares/Third_Party/FreeRTOS/Source/tasks.o
                0x000000000800303c                xTaskGetSchedulerState
 .text.xTaskPriorityInherit
                0x0000000008003074       0xdc Middlewares/Third_Party/FreeRTOS/Source/tasks.o
                0x0000000008003074                xTaskPriorityInherit
 .text.xTaskPriorityDisinherit
                0x0000000008003150       0xb8 Middlewares/Third_Party/FreeRTOS/Source/tasks.o
                0x0000000008003150                xTaskPriorityDisinherit
 .text.vTaskPriorityDisinheritAfterTimeout
                0x0000000008003208       0xe8 Middlewares/Third_Party/FreeRTOS/Source/tasks.o
                0x0000000008003208                vTaskPriorityDisinheritAfterTimeout
 .text.pvTaskIncrementMutexHeldCount
                0x00000000080032f0       0x24 Middlewares/Third_Party/FreeRTOS/Source/tasks.o
                0x00000000080032f0                pvTaskIncrementMutexHeldCount
 .text.prvAddCurrentTaskToDelayedList
                0x0000000008003314       0xa8 Middlewares/Third_Party/FreeRTOS/Source/tasks.o
 .text.pxPortInitialiseStack
                0x00000000080033bc       0x54 Middlewares/Third_Party/FreeRTOS/Source/portable/GCC/ARM_CM0/port.o
                0x00000000080033bc                pxPortInitialiseStack
 .text.prvTaskExitError
                0x0000000008003410       0x2c Middlewares/Third_Party/FreeRTOS/Source/portable/GCC/ARM_CM0/port.o
 .text.SVC_Handler
                0x000000000800343c        0xa Middlewares/Third_Party/FreeRTOS/Source/portable/GCC/ARM_CM0/port.o
                0x000000000800343c                SVC_Handler
 *fill*         0x0000000008003446        0xa 
 .text.vPortStartFirstTask
                0x0000000008003450       0x38 Middlewares/Third_Party/FreeRTOS/Source/portable/GCC/ARM_CM0/port.o
 .text.xPortStartScheduler
                0x0000000008003488       0x48 Middlewares/Third_Party/FreeRTOS/Source/portable/GCC/ARM_CM0/port.o
                0x0000000008003488                xPortStartScheduler
 .text.vPortYield
                0x00000000080034d0       0x20 Middlewares/Third_Party/FreeRTOS/Source/portable/GCC/ARM_CM0/port.o
                0x00000000080034d0                vPortYield
 .text.vPortEnterCritical
                0x00000000080034f0       0x24 Middlewares/Third_Party/FreeRTOS/Source/portable/GCC/ARM_CM0/port.o
                0x00000000080034f0                vPortEnterCritical
 .text.vPortExitCritical
                0x0000000008003514       0x30 Middlewares/Third_Party/FreeRTOS/Source/portable/GCC/ARM_CM0/port.o
                0x0000000008003514                vPortExitCritical
 .text.ulSetInterruptMaskFromISR
                0x0000000008003544        0xc Middlewares/Third_Party/FreeRTOS/Source/portable/GCC/ARM_CM0/port.o
                0x0000000008003544                ulSetInterruptMaskFromISR
 .text.vClearInterruptMaskFromISR
                0x0000000008003550        0x8 Middlewares/Third_Party/FreeRTOS/Source/portable/GCC/ARM_CM0/port.o
                0x0000000008003550                vClearInterruptMaskFromISR
 *fill*         0x0000000008003558        0x8 
 .text.PendSV_Handler
                0x0000000008003560       0x48 Middlewares/Third_Party/FreeRTOS/Source/portable/GCC/ARM_CM0/port.o
                0x0000000008003560                PendSV_Handler
 .text.SysTick_Handler
                0x00000000080035a8       0x34 Middlewares/Third_Party/FreeRTOS/Source/portable/GCC/ARM_CM0/port.o
                0x00000000080035a8                SysTick_Handler
 .text.prvSetupTimerInterrupt
                0x00000000080035dc       0x44 Middlewares/Third_Party/FreeRTOS/Source/portable/GCC/ARM_CM0/port.o
 .text.pvPortMalloc
                0x0000000008003620      0x14c Middlewares/Third_Party/FreeRTOS/Source/portable/MemMang/heap_4.o
                0x0000000008003620                pvPortMalloc
 .text.vPortFree
                0x000000000800376c       0x90 Middlewares/Third_Party/FreeRTOS/Source/portable/MemMang/heap_4.o
                0x000000000800376c                vPortFree
 .text.prvHeapInit
                0x00000000080037fc       0xc0 Middlewares/Third_Party/FreeRTOS/Source/portable/MemMang/heap_4.o
 .text.prvInsertBlockIntoFreeList
                0x00000000080038bc       0xb0 Middlewares/Third_Party/FreeRTOS/Source/portable/MemMang/heap_4.o
 .text.__libc_init_array
                0x000000000800396c       0x48 /opt/st/stm32cubeide_1.4.0/plugins/com.st.stm32cube.ide.mcu.externaltools.gnu-tools-for-stm32.7-2018-q2-update.linux64_1.4.0.202007081208/tools/bin/../lib/gcc/arm-none-eabi/7.3.1/../../../../arm-none-eabi/lib/thumb/v6-m/libc_nano.a(lib_a-init.o)
                0x000000000800396c                __libc_init_array
 .text.memcpy   0x00000000080039b4       0x12 /opt/st/stm32cubeide_1.4.0/plugins/com.st.stm32cube.ide.mcu.externaltools.gnu-tools-for-stm32.7-2018-q2-update.linux64_1.4.0.202007081208/tools/bin/../lib/gcc/arm-none-eabi/7.3.1/../../../../arm-none-eabi/lib/thumb/v6-m/libc_nano.a(lib_a-memcpy-stub.o)
                0x00000000080039b4                memcpy
 .text.memset   0x00000000080039c6       0x10 /opt/st/stm32cubeide_1.4.0/plugins/com.st.stm32cube.ide.mcu.externaltools.gnu-tools-for-stm32.7-2018-q2-update.linux64_1.4.0.202007081208/tools/bin/../lib/gcc/arm-none-eabi/7.3.1/../../../../arm-none-eabi/lib/thumb/v6-m/libc_nano.a(lib_a-memset.o)
                0x00000000080039c6                memset
 *(.glue_7)
 .glue_7        0x00000000080039d6        0x0 linker stubs
 *(.glue_7t)
 .glue_7t       0x00000000080039d6        0x0 linker stubs
 *(.eh_frame)
 *fill*         0x00000000080039d6        0x2 
 .eh_frame      0x00000000080039d8        0x0 /opt/st/stm32cubeide_1.4.0/plugins/com.st.stm32cube.ide.mcu.externaltools.gnu-tools-for-stm32.7-2018-q2-update.linux64_1.4.0.202007081208/tools/bin/../lib/gcc/arm-none-eabi/7.3.1/thumb/v6-m/crtbegin.o
 *(.init)
 .init          0x00000000080039d8        0x4 /opt/st/stm32cubeide_1.4.0/plugins/com.st.stm32cube.ide.mcu.externaltools.gnu-tools-for-stm32.7-2018-q2-update.linux64_1.4.0.202007081208/tools/bin/../lib/gcc/arm-none-eabi/7.3.1/thumb/v6-m/crti.o
                0x00000000080039d8                _init
 .init          0x00000000080039dc        0x8 /opt/st/stm32cubeide_1.4.0/plugins/com.st.stm32cube.ide.mcu.externaltools.gnu-tools-for-stm32.7-2018-q2-update.linux64_1.4.0.202007081208/tools/bin/../lib/gcc/arm-none-eabi/7.3.1/thumb/v6-m/crtn.o
 *(.fini)
 .fini          0x00000000080039e4        0x4 /opt/st/stm32cubeide_1.4.0/plugins/com.st.stm32cube.ide.mcu.externaltools.gnu-tools-for-stm32.7-2018-q2-update.linux64_1.4.0.202007081208/tools/bin/../lib/gcc/arm-none-eabi/7.3.1/thumb/v6-m/crti.o
                0x00000000080039e4                _fini
 .fini          0x00000000080039e8        0x8 /opt/st/stm32cubeide_1.4.0/plugins/com.st.stm32cube.ide.mcu.externaltools.gnu-tools-for-stm32.7-2018-q2-update.linux64_1.4.0.202007081208/tools/bin/../lib/gcc/arm-none-eabi/7.3.1/thumb/v6-m/crtn.o
                0x00000000080039f0                . = ALIGN (0x4)
                0x00000000080039f0                _etext = .

.vfp11_veneer   0x00000000080039f0        0x0
 .vfp11_veneer  0x00000000080039f0        0x0 linker stubs

.v4_bx          0x00000000080039f0        0x0
 .v4_bx         0x00000000080039f0        0x0 linker stubs

.iplt           0x00000000080039f0        0x0
 .iplt          0x00000000080039f0        0x0 /opt/st/stm32cubeide_1.4.0/plugins/com.st.stm32cube.ide.mcu.externaltools.gnu-tools-for-stm32.7-2018-q2-update.linux64_1.4.0.202007081208/tools/bin/../lib/gcc/arm-none-eabi/7.3.1/thumb/v6-m/crtbegin.o

.rodata         0x00000000080039f0       0xa8
                0x00000000080039f0                . = ALIGN (0x4)
 *(.rodata)
 .rodata        0x00000000080039f0       0x68 Core/Src/main.o
 .rodata        0x0000000008003a58       0x20 Drivers/STM32F0xx_HAL_Driver/Src/stm32f0xx_hal_rcc.o
 .rodata        0x0000000008003a78        0x5 Middlewares/Third_Party/FreeRTOS/Source/tasks.o
 *(.rodata*)
 *fill*         0x0000000008003a7d        0x3 
 .rodata.AHBPrescTable
                0x0000000008003a80       0x10 Core/Src/system_stm32f0xx.o
                0x0000000008003a80                AHBPrescTable
 .rodata.APBPrescTable
                0x0000000008003a90        0x8 Core/Src/system_stm32f0xx.o
                0x0000000008003a90                APBPrescTable
                0x0000000008003a98                . = ALIGN (0x4)

.rel.dyn        0x0000000008003a98        0x0
 .rel.iplt      0x0000000008003a98        0x0 /opt/st/stm32cubeide_1.4.0/plugins/com.st.stm32cube.ide.mcu.externaltools.gnu-tools-for-stm32.7-2018-q2-update.linux64_1.4.0.202007081208/tools/bin/../lib/gcc/arm-none-eabi/7.3.1/thumb/v6-m/crtbegin.o

.ARM.extab      0x0000000008003a98        0x0
                0x0000000008003a98                . = ALIGN (0x4)
 *(.ARM.extab* .gnu.linkonce.armextab.*)
                0x0000000008003a98                . = ALIGN (0x4)

.ARM            0x0000000008003a98        0x0
                0x0000000008003a98                . = ALIGN (0x4)
                0x0000000008003a98                __exidx_start = .
 *(.ARM.exidx*)
                0x0000000008003a98                __exidx_end = .
                0x0000000008003a98                . = ALIGN (0x4)

.preinit_array  0x0000000008003a98        0x0
                0x0000000008003a98                . = ALIGN (0x4)
                0x0000000008003a98                PROVIDE (__preinit_array_start = .)
 *(.preinit_array*)
                0x0000000008003a98                PROVIDE (__preinit_array_end = .)
                0x0000000008003a98                . = ALIGN (0x4)

.init_array     0x0000000008003a98        0x4
                0x0000000008003a98                . = ALIGN (0x4)
                0x0000000008003a98                PROVIDE (__init_array_start = .)
 *(SORT_BY_NAME(.init_array.*))
 *(.init_array*)
 .init_array    0x0000000008003a98        0x4 /opt/st/stm32cubeide_1.4.0/plugins/com.st.stm32cube.ide.mcu.externaltools.gnu-tools-for-stm32.7-2018-q2-update.linux64_1.4.0.202007081208/tools/bin/../lib/gcc/arm-none-eabi/7.3.1/thumb/v6-m/crtbegin.o
                0x0000000008003a9c                PROVIDE (__init_array_end = .)
                0x0000000008003a9c                . = ALIGN (0x4)

.fini_array     0x0000000008003a9c        0x4
                0x0000000008003a9c                . = ALIGN (0x4)
                [!provide]                        PROVIDE (__fini_array_start = .)
 *(SORT_BY_NAME(.fini_array.*))
 *(.fini_array*)
 .fini_array    0x0000000008003a9c        0x4 /opt/st/stm32cubeide_1.4.0/plugins/com.st.stm32cube.ide.mcu.externaltools.gnu-tools-for-stm32.7-2018-q2-update.linux64_1.4.0.202007081208/tools/bin/../lib/gcc/arm-none-eabi/7.3.1/thumb/v6-m/crtbegin.o
                [!provide]                        PROVIDE (__fini_array_end = .)
                0x0000000008003aa0                . = ALIGN (0x4)
                0x0000000008003aa0                _sidata = LOADADDR (.data)

.data           0x0000000020000000        0xc load address 0x0000000008003aa0
                0x0000000020000000                . = ALIGN (0x4)
                0x0000000020000000                _sdata = .
 *(.data)
 *(.data*)
 .data.SystemCoreClock
                0x0000000020000000        0x4 Core/Src/system_stm32f0xx.o
                0x0000000020000000                SystemCoreClock
 .data.uwTickFreq
                0x0000000020000004        0x1 Drivers/STM32F0xx_HAL_Driver/Src/stm32f0xx_hal.o
                0x0000000020000004                uwTickFreq
 *fill*         0x0000000020000005        0x3 
 .data.uxCriticalNesting
                0x0000000020000008        0x4 Middlewares/Third_Party/FreeRTOS/Source/portable/GCC/ARM_CM0/port.o
                0x000000002000000c                . = ALIGN (0x4)
                0x000000002000000c                _edata = .

.igot.plt       0x000000002000000c        0x0 load address 0x0000000008003aac
 .igot.plt      0x000000002000000c        0x0 /opt/st/stm32cubeide_1.4.0/plugins/com.st.stm32cube.ide.mcu.externaltools.gnu-tools-for-stm32.7-2018-q2-update.linux64_1.4.0.202007081208/tools/bin/../lib/gcc/arm-none-eabi/7.3.1/thumb/v6-m/crtbegin.o
                0x000000002000000c                . = ALIGN (0x4)

.bss            0x000000002000000c      0x9b0 load address 0x0000000008003aac
                0x000000002000000c                _sbss = .
                0x000000002000000c                __bss_start__ = _sbss
 *(.bss)
 .bss           0x000000002000000c       0x1c /opt/st/stm32cubeide_1.4.0/plugins/com.st.stm32cube.ide.mcu.externaltools.gnu-tools-for-stm32.7-2018-q2-update.linux64_1.4.0.202007081208/tools/bin/../lib/gcc/arm-none-eabi/7.3.1/thumb/v6-m/crtbegin.o
 *(.bss*)
 .bss.xIdleTaskTCBBuffer
                0x0000000020000028       0x54 Core/Src/freertos.o
 .bss.xIdleStack
                0x000000002000007c      0x180 Core/Src/freertos.o
 .bss.pxCurrentTCB
                0x00000000200001fc        0x4 Middlewares/Third_Party/FreeRTOS/Source/tasks.o
                0x00000000200001fc                pxCurrentTCB
 .bss.pxReadyTasksLists
                0x0000000020000200       0x8c Middlewares/Third_Party/FreeRTOS/Source/tasks.o
 .bss.xDelayedTaskList1
                0x000000002000028c       0x14 Middlewares/Third_Party/FreeRTOS/Source/tasks.o
 .bss.xDelayedTaskList2
                0x00000000200002a0       0x14 Middlewares/Third_Party/FreeRTOS/Source/tasks.o
 .bss.pxDelayedTaskList
                0x00000000200002b4        0x4 Middlewares/Third_Party/FreeRTOS/Source/tasks.o
 .bss.pxOverflowDelayedTaskList
                0x00000000200002b8        0x4 Middlewares/Third_Party/FreeRTOS/Source/tasks.o
 .bss.xPendingReadyList
                0x00000000200002bc       0x14 Middlewares/Third_Party/FreeRTOS/Source/tasks.o
 .bss.xTasksWaitingTermination
                0x00000000200002d0       0x14 Middlewares/Third_Party/FreeRTOS/Source/tasks.o
 .bss.uxDeletedTasksWaitingCleanUp
                0x00000000200002e4        0x4 Middlewares/Third_Party/FreeRTOS/Source/tasks.o
 .bss.xSuspendedTaskList
                0x00000000200002e8       0x14 Middlewares/Third_Party/FreeRTOS/Source/tasks.o
 .bss.uxCurrentNumberOfTasks
                0x00000000200002fc        0x4 Middlewares/Third_Party/FreeRTOS/Source/tasks.o
 .bss.xTickCount
                0x0000000020000300        0x4 Middlewares/Third_Party/FreeRTOS/Source/tasks.o
 .bss.uxTopReadyPriority
                0x0000000020000304        0x4 Middlewares/Third_Party/FreeRTOS/Source/tasks.o
 .bss.xSchedulerRunning
                0x0000000020000308        0x4 Middlewares/Third_Party/FreeRTOS/Source/tasks.o
 .bss.uxPendedTicks
                0x000000002000030c        0x4 Middlewares/Third_Party/FreeRTOS/Source/tasks.o
 .bss.xYieldPending
                0x0000000020000310        0x4 Middlewares/Third_Party/FreeRTOS/Source/tasks.o
 .bss.xNumOfOverflows
                0x0000000020000314        0x4 Middlewares/Third_Party/FreeRTOS/Source/tasks.o
 .bss.uxTaskNumber
                0x0000000020000318        0x4 Middlewares/Third_Party/FreeRTOS/Source/tasks.o
 .bss.xNextTaskUnblockTime
                0x000000002000031c        0x4 Middlewares/Third_Party/FreeRTOS/Source/tasks.o
 .bss.xIdleTaskHandle
                0x0000000020000320        0x4 Middlewares/Third_Party/FreeRTOS/Source/tasks.o
 .bss.uxSchedulerSuspended
                0x0000000020000324        0x4 Middlewares/Third_Party/FreeRTOS/Source/tasks.o
 .bss.ucHeap    0x0000000020000328      0x628 Middlewares/Third_Party/FreeRTOS/Source/portable/MemMang/heap_4.o
 .bss.xStart    0x0000000020000950        0x8 Middlewares/Third_Party/FreeRTOS/Source/portable/MemMang/heap_4.o
 .bss.pxEnd     0x0000000020000958        0x4 Middlewares/Third_Party/FreeRTOS/Source/portable/MemMang/heap_4.o
 .bss.xFreeBytesRemaining
                0x000000002000095c        0x4 Middlewares/Third_Party/FreeRTOS/Source/portable/MemMang/heap_4.o
 .bss.xMinimumEverFreeBytesRemaining
                0x0000000020000960        0x4 Middlewares/Third_Party/FreeRTOS/Source/portable/MemMang/heap_4.o
 .bss.xBlockAllocatedBit
                0x0000000020000964        0x4 Middlewares/Third_Party/FreeRTOS/Source/portable/MemMang/heap_4.o
 *(COMMON)
 COMMON         0x0000000020000968       0x10 Core/Src/main.o
                0x0000000020000968                defaultTaskHandle
                0x000000002000096c                offHandle
                0x0000000020000970                onHandle
                0x0000000020000974                ledMutexHandle
 COMMON         0x0000000020000978       0x40 Core/Src/stm32f0xx_hal_timebase_tim.o
                0x0000000020000978                htim14
 COMMON         0x00000000200009b8        0x4 Drivers/STM32F0xx_HAL_Driver/Src/stm32f0xx_hal.o
                0x00000000200009b8                uwTick
                0x00000000200009bc                . = ALIGN (0x4)
                0x00000000200009bc                _ebss = .
                0x00000000200009bc                __bss_end__ = _ebss

._user_heap_stack
                0x00000000200009bc      0x604 load address 0x0000000008003aac
                0x00000000200009c0                . = ALIGN (0x8)
 *fill*         0x00000000200009bc        0x4 
                [!provide]                        PROVIDE (end = .)
                0x00000000200009c0                PROVIDE (_end = .)
                0x0000000020000bc0                . = (. + _Min_Heap_Size)
 *fill*         0x00000000200009c0      0x200 
                0x0000000020000fc0                . = (. + _Min_Stack_Size)
 *fill*         0x0000000020000bc0      0x400 
                0x0000000020000fc0                . = ALIGN (0x8)

/DISCARD/
 libc.a(*)
 libm.a(*)
 libgcc.a(*)

.ARM.attributes
                0x0000000000000000       0x28
 *(.ARM.attributes)
 .ARM.attributes
                0x0000000000000000       0x1e /opt/st/stm32cubeide_1.4.0/plugins/com.st.stm32cube.ide.mcu.externaltools.gnu-tools-for-stm32.7-2018-q2-update.linux64_1.4.0.202007081208/tools/bin/../lib/gcc/arm-none-eabi/7.3.1/thumb/v6-m/crti.o
 .ARM.attributes
                0x000000000000001e       0x2c /opt/st/stm32cubeide_1.4.0/plugins/com.st.stm32cube.ide.mcu.externaltools.gnu-tools-for-stm32.7-2018-q2-update.linux64_1.4.0.202007081208/tools/bin/../lib/gcc/arm-none-eabi/7.3.1/thumb/v6-m/crtbegin.o
 .ARM.attributes
                0x000000000000004a       0x31 Core/Src/freertos.o
 .ARM.attributes
                0x000000000000007b       0x31 Core/Src/main.o
 .ARM.attributes
                0x00000000000000ac       0x31 Core/Src/stm32f0xx_hal_msp.o
 .ARM.attributes
                0x00000000000000dd       0x31 Core/Src/stm32f0xx_hal_timebase_tim.o
 .ARM.attributes
                0x000000000000010e       0x31 Core/Src/stm32f0xx_it.o
 .ARM.attributes
                0x000000000000013f       0x31 Core/Src/system_stm32f0xx.o
 .ARM.attributes
                0x0000000000000170       0x21 Core/Startup/startup_stm32f030f4px.o
 .ARM.attributes
                0x0000000000000191       0x31 Drivers/STM32F0xx_HAL_Driver/Src/stm32f0xx_hal.o
 .ARM.attributes
                0x00000000000001c2       0x31 Drivers/STM32F0xx_HAL_Driver/Src/stm32f0xx_hal_cortex.o
 .ARM.attributes
                0x00000000000001f3       0x31 Drivers/STM32F0xx_HAL_Driver/Src/stm32f0xx_hal_gpio.o
 .ARM.attributes
                0x0000000000000224       0x31 Drivers/STM32F0xx_HAL_Driver/Src/stm32f0xx_hal_rcc.o
 .ARM.attributes
                0x0000000000000255       0x31 Drivers/STM32F0xx_HAL_Driver/Src/stm32f0xx_hal_tim.o
 .ARM.attributes
                0x0000000000000286       0x31 Drivers/STM32F0xx_HAL_Driver/Src/stm32f0xx_hal_tim_ex.o
 .ARM.attributes
                0x00000000000002b7       0x31 Middlewares/Third_Party/FreeRTOS/Source/CMSIS_RTOS/cmsis_os.o
 .ARM.attributes
                0x00000000000002e8       0x31 Middlewares/Third_Party/FreeRTOS/Source/list.o
 .ARM.attributes
                0x0000000000000319       0x31 Middlewares/Third_Party/FreeRTOS/Source/queue.o
 .ARM.attributes
                0x000000000000034a       0x31 Middlewares/Third_Party/FreeRTOS/Source/tasks.o
 .ARM.attributes
                0x000000000000037b       0x31 Middlewares/Third_Party/FreeRTOS/Source/portable/GCC/ARM_CM0/port.o
 .ARM.attributes
                0x00000000000003ac       0x31 Middlewares/Third_Party/FreeRTOS/Source/portable/MemMang/heap_4.o
 .ARM.attributes
                0x00000000000003dd       0x2c /opt/st/stm32cubeide_1.4.0/plugins/com.st.stm32cube.ide.mcu.externaltools.gnu-tools-for-stm32.7-2018-q2-update.linux64_1.4.0.202007081208/tools/bin/../lib/gcc/arm-none-eabi/7.3.1/../../../../arm-none-eabi/lib/thumb/v6-m/libc_nano.a(lib_a-init.o)
 .ARM.attributes
                0x0000000000000409       0x2c /opt/st/stm32cubeide_1.4.0/plugins/com.st.stm32cube.ide.mcu.externaltools.gnu-tools-for-stm32.7-2018-q2-update.linux64_1.4.0.202007081208/tools/bin/../lib/gcc/arm-none-eabi/7.3.1/../../../../arm-none-eabi/lib/thumb/v6-m/libc_nano.a(lib_a-memcpy-stub.o)
 .ARM.attributes
                0x0000000000000435       0x2c /opt/st/stm32cubeide_1.4.0/plugins/com.st.stm32cube.ide.mcu.externaltools.gnu-tools-for-stm32.7-2018-q2-update.linux64_1.4.0.202007081208/tools/bin/../lib/gcc/arm-none-eabi/7.3.1/../../../../arm-none-eabi/lib/thumb/v6-m/libc_nano.a(lib_a-memset.o)
 .ARM.attributes
                0x0000000000000461       0x1e /opt/st/stm32cubeide_1.4.0/plugins/com.st.stm32cube.ide.mcu.externaltools.gnu-tools-for-stm32.7-2018-q2-update.linux64_1.4.0.202007081208/tools/bin/../lib/gcc/arm-none-eabi/7.3.1/thumb/v6-m/libgcc.a(_udivsi3.o)
 .ARM.attributes
                0x000000000000047f       0x1e /opt/st/stm32cubeide_1.4.0/plugins/com.st.stm32cube.ide.mcu.externaltools.gnu-tools-for-stm32.7-2018-q2-update.linux64_1.4.0.202007081208/tools/bin/../lib/gcc/arm-none-eabi/7.3.1/thumb/v6-m/libgcc.a(_dvmd_tls.o)
 .ARM.attributes
                0x000000000000049d       0x1e /opt/st/stm32cubeide_1.4.0/plugins/com.st.stm32cube.ide.mcu.externaltools.gnu-tools-for-stm32.7-2018-q2-update.linux64_1.4.0.202007081208/tools/bin/../lib/gcc/arm-none-eabi/7.3.1/thumb/v6-m/crtn.o
OUTPUT(blink-freeRTOS-stm32f030f4.elf elf32-littlearm)

.debug_info     0x0000000000000000     0xe26c
 .debug_info    0x0000000000000000      0x320 Core/Src/freertos.o
 .debug_info    0x0000000000000320      0xe8f Core/Src/main.o
 .debug_info    0x00000000000011af      0x25e Core/Src/stm32f0xx_hal_msp.o
 .debug_info    0x000000000000140d      0x854 Core/Src/stm32f0xx_hal_timebase_tim.o
 .debug_info    0x0000000000001c61      0x603 Core/Src/stm32f0xx_it.o
 .debug_info    0x0000000000002264      0x29e Core/Src/system_stm32f0xx.o
 .debug_info    0x0000000000002502       0x22 Core/Startup/startup_stm32f030f4px.o
 .debug_info    0x0000000000002524      0x667 Drivers/STM32F0xx_HAL_Driver/Src/stm32f0xx_hal.o
 .debug_info    0x0000000000002b8b      0x744 Drivers/STM32F0xx_HAL_Driver/Src/stm32f0xx_hal_cortex.o
 .debug_info    0x00000000000032cf      0x66f Drivers/STM32F0xx_HAL_Driver/Src/stm32f0xx_hal_gpio.o
 .debug_info    0x000000000000393e      0x80a Drivers/STM32F0xx_HAL_Driver/Src/stm32f0xx_hal_rcc.o
 .debug_info    0x0000000000004148     0x2522 Drivers/STM32F0xx_HAL_Driver/Src/stm32f0xx_hal_tim.o
 .debug_info    0x000000000000666a     0x10e6 Drivers/STM32F0xx_HAL_Driver/Src/stm32f0xx_hal_tim_ex.o
 .debug_info    0x0000000000007750     0x1dd6 Middlewares/Third_Party/FreeRTOS/Source/CMSIS_RTOS/cmsis_os.o
 .debug_info    0x0000000000009526      0xac5 Middlewares/Third_Party/FreeRTOS/Source/list.o
 .debug_info    0x0000000000009feb     0x180d Middlewares/Third_Party/FreeRTOS/Source/queue.o
 .debug_info    0x000000000000b7f8     0x1cf0 Middlewares/Third_Party/FreeRTOS/Source/tasks.o
 .debug_info    0x000000000000d4e8      0x26b Middlewares/Third_Party/FreeRTOS/Source/portable/GCC/ARM_CM0/port.o
 .debug_info    0x000000000000d753      0xb19 Middlewares/Third_Party/FreeRTOS/Source/portable/MemMang/heap_4.o

.debug_abbrev   0x0000000000000000     0x2390
 .debug_abbrev  0x0000000000000000      0x109 Core/Src/freertos.o
 .debug_abbrev  0x0000000000000109      0x235 Core/Src/main.o
 .debug_abbrev  0x000000000000033e      0x109 Core/Src/stm32f0xx_hal_msp.o
 .debug_abbrev  0x0000000000000447      0x1ac Core/Src/stm32f0xx_hal_timebase_tim.o
 .debug_abbrev  0x00000000000005f3      0x169 Core/Src/stm32f0xx_it.o
 .debug_abbrev  0x000000000000075c      0x12b Core/Src/system_stm32f0xx.o
 .debug_abbrev  0x0000000000000887       0x12 Core/Startup/startup_stm32f030f4px.o
 .debug_abbrev  0x0000000000000899      0x1f2 Drivers/STM32F0xx_HAL_Driver/Src/stm32f0xx_hal.o
 .debug_abbrev  0x0000000000000a8b      0x273 Drivers/STM32F0xx_HAL_Driver/Src/stm32f0xx_hal_cortex.o
 .debug_abbrev  0x0000000000000cfe      0x1c0 Drivers/STM32F0xx_HAL_Driver/Src/stm32f0xx_hal_gpio.o
 .debug_abbrev  0x0000000000000ebe      0x20f Drivers/STM32F0xx_HAL_Driver/Src/stm32f0xx_hal_rcc.o
 .debug_abbrev  0x00000000000010cd      0x23f Drivers/STM32F0xx_HAL_Driver/Src/stm32f0xx_hal_tim.o
 .debug_abbrev  0x000000000000130c      0x22d Drivers/STM32F0xx_HAL_Driver/Src/stm32f0xx_hal_tim_ex.o
 .debug_abbrev  0x0000000000001539      0x305 Middlewares/Third_Party/FreeRTOS/Source/CMSIS_RTOS/cmsis_os.o
 .debug_abbrev  0x000000000000183e      0x1cf Middlewares/Third_Party/FreeRTOS/Source/list.o
 .debug_abbrev  0x0000000000001a0d      0x2c4 Middlewares/Third_Party/FreeRTOS/Source/queue.o
 .debug_abbrev  0x0000000000001cd1      0x2de Middlewares/Third_Party/FreeRTOS/Source/tasks.o
 .debug_abbrev  0x0000000000001faf      0x1a4 Middlewares/Third_Party/FreeRTOS/Source/portable/GCC/ARM_CM0/port.o
 .debug_abbrev  0x0000000000002153      0x23d Middlewares/Third_Party/FreeRTOS/Source/portable/MemMang/heap_4.o

.debug_aranges  0x0000000000000000      0xe58
 .debug_aranges
                0x0000000000000000       0x20 Core/Src/freertos.o
 .debug_aranges
                0x0000000000000020       0x58 Core/Src/main.o
 .debug_aranges
                0x0000000000000078       0x20 Core/Src/stm32f0xx_hal_msp.o
 .debug_aranges
                0x0000000000000098       0x30 Core/Src/stm32f0xx_hal_timebase_tim.o
 .debug_aranges
                0x00000000000000c8       0x30 Core/Src/stm32f0xx_it.o
 .debug_aranges
                0x00000000000000f8       0x28 Core/Src/system_stm32f0xx.o
 .debug_aranges
                0x0000000000000120       0x28 Core/Startup/startup_stm32f030f4px.o
 .debug_aranges
                0x0000000000000148       0xd0 Drivers/STM32F0xx_HAL_Driver/Src/stm32f0xx_hal.o
 .debug_aranges
                0x0000000000000218       0xc0 Drivers/STM32F0xx_HAL_Driver/Src/stm32f0xx_hal_cortex.o
 .debug_aranges
                0x00000000000002d8       0x58 Drivers/STM32F0xx_HAL_Driver/Src/stm32f0xx_hal_gpio.o
 .debug_aranges
                0x0000000000000330       0x80 Drivers/STM32F0xx_HAL_Driver/Src/stm32f0xx_hal_rcc.o
 .debug_aranges
                0x00000000000003b0      0x3b8 Drivers/STM32F0xx_HAL_Driver/Src/stm32f0xx_hal_tim.o
 .debug_aranges
                0x0000000000000768      0x150 Drivers/STM32F0xx_HAL_Driver/Src/stm32f0xx_hal_tim_ex.o
 .debug_aranges
                0x00000000000008b8      0x1d8 Middlewares/Third_Party/FreeRTOS/Source/CMSIS_RTOS/cmsis_os.o
 .debug_aranges
                0x0000000000000a90       0x40 Middlewares/Third_Party/FreeRTOS/Source/list.o
 .debug_aranges
                0x0000000000000ad0      0x108 Middlewares/Third_Party/FreeRTOS/Source/queue.o
 .debug_aranges
                0x0000000000000bd8      0x1a8 Middlewares/Third_Party/FreeRTOS/Source/tasks.o
 .debug_aranges
                0x0000000000000d80       0x88 Middlewares/Third_Party/FreeRTOS/Source/portable/GCC/ARM_CM0/port.o
 .debug_aranges
                0x0000000000000e08       0x50 Middlewares/Third_Party/FreeRTOS/Source/portable/MemMang/heap_4.o

.debug_ranges   0x0000000000000000      0xd30
 .debug_ranges  0x0000000000000000       0x10 Core/Src/freertos.o
 .debug_ranges  0x0000000000000010       0x48 Core/Src/main.o
 .debug_ranges  0x0000000000000058       0x10 Core/Src/stm32f0xx_hal_msp.o
 .debug_ranges  0x0000000000000068       0x20 Core/Src/stm32f0xx_hal_timebase_tim.o
 .debug_ranges  0x0000000000000088       0x20 Core/Src/stm32f0xx_it.o
 .debug_ranges  0x00000000000000a8       0x18 Core/Src/system_stm32f0xx.o
 .debug_ranges  0x00000000000000c0       0x20 Core/Startup/startup_stm32f030f4px.o
 .debug_ranges  0x00000000000000e0       0xc0 Drivers/STM32F0xx_HAL_Driver/Src/stm32f0xx_hal.o
 .debug_ranges  0x00000000000001a0       0xb0 Drivers/STM32F0xx_HAL_Driver/Src/stm32f0xx_hal_cortex.o
 .debug_ranges  0x0000000000000250       0x48 Drivers/STM32F0xx_HAL_Driver/Src/stm32f0xx_hal_gpio.o
 .debug_ranges  0x0000000000000298       0x70 Drivers/STM32F0xx_HAL_Driver/Src/stm32f0xx_hal_rcc.o
 .debug_ranges  0x0000000000000308      0x3a8 Drivers/STM32F0xx_HAL_Driver/Src/stm32f0xx_hal_tim.o
 .debug_ranges  0x00000000000006b0      0x140 Drivers/STM32F0xx_HAL_Driver/Src/stm32f0xx_hal_tim_ex.o
 .debug_ranges  0x00000000000007f0      0x1c8 Middlewares/Third_Party/FreeRTOS/Source/CMSIS_RTOS/cmsis_os.o
 .debug_ranges  0x00000000000009b8       0x30 Middlewares/Third_Party/FreeRTOS/Source/list.o
 .debug_ranges  0x00000000000009e8       0xf8 Middlewares/Third_Party/FreeRTOS/Source/queue.o
 .debug_ranges  0x0000000000000ae0      0x198 Middlewares/Third_Party/FreeRTOS/Source/tasks.o
 .debug_ranges  0x0000000000000c78       0x78 Middlewares/Third_Party/FreeRTOS/Source/portable/GCC/ARM_CM0/port.o
 .debug_ranges  0x0000000000000cf0       0x40 Middlewares/Third_Party/FreeRTOS/Source/portable/MemMang/heap_4.o

.debug_macro    0x0000000000000000     0xd154
 .debug_macro   0x0000000000000000      0x21b Core/Src/freertos.o
 .debug_macro   0x000000000000021b      0xa48 Core/Src/freertos.o
 .debug_macro   0x0000000000000c63      0x174 Core/Src/freertos.o
 .debug_macro   0x0000000000000dd7       0x22 Core/Src/freertos.o
 .debug_macro   0x0000000000000df9       0x8e Core/Src/freertos.o
 .debug_macro   0x0000000000000e87       0x51 Core/Src/freertos.o
 .debug_macro   0x0000000000000ed8       0xef Core/Src/freertos.o
 .debug_macro   0x0000000000000fc7       0x6a Core/Src/freertos.o
 .debug_macro   0x0000000000001031      0x1df Core/Src/freertos.o
 .debug_macro   0x0000000000001210       0xb2 Core/Src/freertos.o
 .debug_macro   0x00000000000012c2      0x15a Core/Src/freertos.o
 .debug_macro   0x000000000000141c       0xac Core/Src/freertos.o
 .debug_macro   0x00000000000014c8       0x10 Core/Src/freertos.o
 .debug_macro   0x00000000000014d8       0x1f Core/Src/freertos.o
 .debug_macro   0x00000000000014f7      0x4c5 Core/Src/freertos.o
 .debug_macro   0x00000000000019bc       0xb5 Core/Src/freertos.o
 .debug_macro   0x0000000000001a71       0x8c Core/Src/freertos.o
 .debug_macro   0x0000000000001afd      0x12d Core/Src/freertos.o
 .debug_macro   0x0000000000001c2a       0x2e Core/Src/freertos.o
 .debug_macro   0x0000000000001c58       0x22 Core/Src/freertos.o
 .debug_macro   0x0000000000001c7a       0x1c Core/Src/freertos.o
 .debug_macro   0x0000000000001c96       0x22 Core/Src/freertos.o
 .debug_macro   0x0000000000001cb8       0xb5 Core/Src/freertos.o
 .debug_macro   0x0000000000001d6d      0x391 Core/Src/freertos.o
 .debug_macro   0x00000000000020fe     0x6e60 Core/Src/freertos.o
 .debug_macro   0x0000000000008f5e       0x3c Core/Src/freertos.o
 .debug_macro   0x0000000000008f9a       0x54 Core/Src/freertos.o
 .debug_macro   0x0000000000008fee      0x924 Core/Src/freertos.o
 .debug_macro   0x0000000000009912       0xe5 Core/Src/freertos.o
 .debug_macro   0x00000000000099f7      0x12f Core/Src/freertos.o
 .debug_macro   0x0000000000009b26       0xb3 Core/Src/freertos.o
 .debug_macro   0x0000000000009bd9      0x1a0 Core/Src/freertos.o
 .debug_macro   0x0000000000009d79      0x1ed Core/Src/freertos.o
 .debug_macro   0x0000000000009f66       0x34 Core/Src/freertos.o
 .debug_macro   0x0000000000009f9a       0x43 Core/Src/freertos.o
 .debug_macro   0x0000000000009fdd       0x28 Core/Src/freertos.o
 .debug_macro   0x000000000000a005       0xb0 Core/Src/freertos.o
 .debug_macro   0x000000000000a0b5      0x15a Core/Src/freertos.o
 .debug_macro   0x000000000000a20f      0x22c Core/Src/freertos.o
 .debug_macro   0x000000000000a43b       0x60 Core/Src/freertos.o
 .debug_macro   0x000000000000a49b       0xa5 Core/Src/freertos.o
 .debug_macro   0x000000000000a540       0x4c Core/Src/freertos.o
 .debug_macro   0x000000000000a58c       0x2b Core/Src/freertos.o
 .debug_macro   0x000000000000a5b7      0x8ae Core/Src/freertos.o
 .debug_macro   0x000000000000ae65       0x28 Core/Src/freertos.o
 .debug_macro   0x000000000000ae8d       0xf1 Core/Src/freertos.o
 .debug_macro   0x000000000000af7e       0x10 Core/Src/freertos.o
 .debug_macro   0x000000000000af8e      0x266 Core/Src/main.o
 .debug_macro   0x000000000000b1f4       0x91 Core/Src/main.o
 .debug_macro   0x000000000000b285       0x8d Core/Src/main.o
 .debug_macro   0x000000000000b312       0x7e Core/Src/main.o
 .debug_macro   0x000000000000b390       0x19 Core/Src/main.o
 .debug_macro   0x000000000000b3a9       0xf2 Core/Src/main.o
 .debug_macro   0x000000000000b49b      0x1b3 Core/Src/stm32f0xx_hal_msp.o
 .debug_macro   0x000000000000b64e      0x1a4 Core/Src/stm32f0xx_hal_timebase_tim.o
 .debug_macro   0x000000000000b7f2      0x1bd Core/Src/stm32f0xx_it.o
 .debug_macro   0x000000000000b9af      0x1a4 Core/Src/system_stm32f0xx.o
 .debug_macro   0x000000000000bb53      0x1c8 Drivers/STM32F0xx_HAL_Driver/Src/stm32f0xx_hal.o
 .debug_macro   0x000000000000bd1b      0x1a4 Drivers/STM32F0xx_HAL_Driver/Src/stm32f0xx_hal_cortex.o
 .debug_macro   0x000000000000bebf      0x1dc Drivers/STM32F0xx_HAL_Driver/Src/stm32f0xx_hal_gpio.o
 .debug_macro   0x000000000000c09b      0x1b6 Drivers/STM32F0xx_HAL_Driver/Src/stm32f0xx_hal_rcc.o
 .debug_macro   0x000000000000c251      0x1a5 Drivers/STM32F0xx_HAL_Driver/Src/stm32f0xx_hal_tim.o
 .debug_macro   0x000000000000c3f6      0x1a4 Drivers/STM32F0xx_HAL_Driver/Src/stm32f0xx_hal_tim_ex.o
 .debug_macro   0x000000000000c59a      0x1f1 Middlewares/Third_Party/FreeRTOS/Source/CMSIS_RTOS/cmsis_os.o
 .debug_macro   0x000000000000c78b       0x10 Middlewares/Third_Party/FreeRTOS/Source/CMSIS_RTOS/cmsis_os.o
 .debug_macro   0x000000000000c79b       0x20 Middlewares/Third_Party/FreeRTOS/Source/CMSIS_RTOS/cmsis_os.o
 .debug_macro   0x000000000000c7bb       0x9d Middlewares/Third_Party/FreeRTOS/Source/CMSIS_RTOS/cmsis_os.o
 .debug_macro   0x000000000000c858      0x17a Middlewares/Third_Party/FreeRTOS/Source/list.o
 .debug_macro   0x000000000000c9d2      0x205 Middlewares/Third_Party/FreeRTOS/Source/queue.o
 .debug_macro   0x000000000000cbd7       0x16 Middlewares/Third_Party/FreeRTOS/Source/queue.o
 .debug_macro   0x000000000000cbed      0x27a Middlewares/Third_Party/FreeRTOS/Source/tasks.o
 .debug_macro   0x000000000000ce67       0x10 Middlewares/Third_Party/FreeRTOS/Source/tasks.o
 .debug_macro   0x000000000000ce77      0x13c Middlewares/Third_Party/FreeRTOS/Source/portable/GCC/ARM_CM0/port.o
 .debug_macro   0x000000000000cfb3      0x1a1 Middlewares/Third_Party/FreeRTOS/Source/portable/MemMang/heap_4.o

.debug_line     0x0000000000000000     0xacb2
 .debug_line    0x0000000000000000      0x73e Core/Src/freertos.o
 .debug_line    0x000000000000073e      0x889 Core/Src/main.o
 .debug_line    0x0000000000000fc7      0x645 Core/Src/stm32f0xx_hal_msp.o
 .debug_line    0x000000000000160c      0x679 Core/Src/stm32f0xx_hal_timebase_tim.o
 .debug_line    0x0000000000001c85      0x677 Core/Src/stm32f0xx_it.o
 .debug_line    0x00000000000022fc      0x65f Core/Src/system_stm32f0xx.o
 .debug_line    0x000000000000295b       0x89 Core/Startup/startup_stm32f030f4px.o
 .debug_line    0x00000000000029e4      0x7fb Drivers/STM32F0xx_HAL_Driver/Src/stm32f0xx_hal.o
 .debug_line    0x00000000000031df      0x813 Drivers/STM32F0xx_HAL_Driver/Src/stm32f0xx_hal_cortex.o
 .debug_line    0x00000000000039f2      0x7be Drivers/STM32F0xx_HAL_Driver/Src/stm32f0xx_hal_gpio.o
 .debug_line    0x00000000000041b0      0x8bc Drivers/STM32F0xx_HAL_Driver/Src/stm32f0xx_hal_rcc.o
 .debug_line    0x0000000000004a6c     0x19a1 Drivers/STM32F0xx_HAL_Driver/Src/stm32f0xx_hal_tim.o
 .debug_line    0x000000000000640d      0xc3d Drivers/STM32F0xx_HAL_Driver/Src/stm32f0xx_hal_tim_ex.o
 .debug_line    0x000000000000704a      0xc79 Middlewares/Third_Party/FreeRTOS/Source/CMSIS_RTOS/cmsis_os.o
 .debug_line    0x0000000000007cc3      0x63e Middlewares/Third_Party/FreeRTOS/Source/list.o
 .debug_line    0x0000000000008301      0xd3a Middlewares/Third_Party/FreeRTOS/Source/queue.o
 .debug_line    0x000000000000903b      0xfd9 Middlewares/Third_Party/FreeRTOS/Source/tasks.o
 .debug_line    0x000000000000a014      0x5a3 Middlewares/Third_Party/FreeRTOS/Source/portable/GCC/ARM_CM0/port.o
 .debug_line    0x000000000000a5b7      0x6fb Middlewares/Third_Party/FreeRTOS/Source/portable/MemMang/heap_4.o

.debug_str      0x0000000000000000    0x4dea7
 .debug_str     0x0000000000000000    0x43bb0 Core/Src/freertos.o
                                      0x43dd1 (size before relaxing)
 .debug_str     0x0000000000043bb0     0x2a33 Core/Src/main.o
                                      0x467f2 (size before relaxing)
 .debug_str     0x00000000000465e3       0x2c Core/Src/stm32f0xx_hal_msp.o
                                      0x4062a (size before relaxing)
 .debug_str     0x000000000004660f      0x1a7 Core/Src/stm32f0xx_hal_timebase_tim.o
                                      0x40be3 (size before relaxing)
 .debug_str     0x00000000000467b6       0x5c Core/Src/stm32f0xx_it.o
                                      0x409b9 (size before relaxing)
 .debug_str     0x0000000000046812       0x5f Core/Src/system_stm32f0xx.o
                                      0x40625 (size before relaxing)
 .debug_str     0x0000000000046871       0x36 Core/Startup/startup_stm32f030f4px.o
                                         0x81 (size before relaxing)
 .debug_str     0x00000000000468a7      0x34d Drivers/STM32F0xx_HAL_Driver/Src/stm32f0xx_hal.o
                                      0x40af8 (size before relaxing)
 .debug_str     0x0000000000046bf4      0x217 Drivers/STM32F0xx_HAL_Driver/Src/stm32f0xx_hal_cortex.o
                                      0x409b0 (size before relaxing)
 .debug_str     0x0000000000046e0b      0x213 Drivers/STM32F0xx_HAL_Driver/Src/stm32f0xx_hal_gpio.o
                                      0x408c1 (size before relaxing)
 .debug_str     0x000000000004701e      0x24a Drivers/STM32F0xx_HAL_Driver/Src/stm32f0xx_hal_rcc.o
                                      0x40a2f (size before relaxing)
 .debug_str     0x0000000000047268      0xe39 Drivers/STM32F0xx_HAL_Driver/Src/stm32f0xx_hal_tim.o
                                      0x4181e (size before relaxing)
 .debug_str     0x00000000000480a1      0x579 Drivers/STM32F0xx_HAL_Driver/Src/stm32f0xx_hal_tim_ex.o
                                      0x40fd2 (size before relaxing)
 .debug_str     0x000000000004861a     0x3667 Middlewares/Third_Party/FreeRTOS/Source/CMSIS_RTOS/cmsis_os.o
                                       0xd671 (size before relaxing)
 .debug_str     0x000000000004bc81      0x225 Middlewares/Third_Party/FreeRTOS/Source/list.o
                                       0xa12e (size before relaxing)
 .debug_str     0x000000000004bea6      0x7b9 Middlewares/Third_Party/FreeRTOS/Source/queue.o
                                       0xb77f (size before relaxing)
 .debug_str     0x000000000004c65f     0x1166 Middlewares/Third_Party/FreeRTOS/Source/tasks.o
                                       0xc254 (size before relaxing)
 .debug_str     0x000000000004d7c5      0x488 Middlewares/Third_Party/FreeRTOS/Source/portable/GCC/ARM_CM0/port.o
                                       0x7a5c (size before relaxing)
 .debug_str     0x000000000004dc4d      0x25a Middlewares/Third_Party/FreeRTOS/Source/portable/MemMang/heap_4.o
                                       0xa832 (size before relaxing)

.comment        0x0000000000000000       0x7b
 .comment       0x0000000000000000       0x7b Core/Src/freertos.o
                                         0x7c (size before relaxing)
 .comment       0x000000000000007b       0x7c Core/Src/main.o
 .comment       0x000000000000007b       0x7c Core/Src/stm32f0xx_hal_msp.o
 .comment       0x000000000000007b       0x7c Core/Src/stm32f0xx_hal_timebase_tim.o
 .comment       0x000000000000007b       0x7c Core/Src/stm32f0xx_it.o
 .comment       0x000000000000007b       0x7c Core/Src/system_stm32f0xx.o
 .comment       0x000000000000007b       0x7c Drivers/STM32F0xx_HAL_Driver/Src/stm32f0xx_hal.o
 .comment       0x000000000000007b       0x7c Drivers/STM32F0xx_HAL_Driver/Src/stm32f0xx_hal_cortex.o
 .comment       0x000000000000007b       0x7c Drivers/STM32F0xx_HAL_Driver/Src/stm32f0xx_hal_gpio.o
 .comment       0x000000000000007b       0x7c Drivers/STM32F0xx_HAL_Driver/Src/stm32f0xx_hal_rcc.o
 .comment       0x000000000000007b       0x7c Drivers/STM32F0xx_HAL_Driver/Src/stm32f0xx_hal_tim.o
 .comment       0x000000000000007b       0x7c Drivers/STM32F0xx_HAL_Driver/Src/stm32f0xx_hal_tim_ex.o
 .comment       0x000000000000007b       0x7c Middlewares/Third_Party/FreeRTOS/Source/CMSIS_RTOS/cmsis_os.o
 .comment       0x000000000000007b       0x7c Middlewares/Third_Party/FreeRTOS/Source/list.o
 .comment       0x000000000000007b       0x7c Middlewares/Third_Party/FreeRTOS/Source/queue.o
 .comment       0x000000000000007b       0x7c Middlewares/Third_Party/FreeRTOS/Source/tasks.o
 .comment       0x000000000000007b       0x7c Middlewares/Third_Party/FreeRTOS/Source/portable/GCC/ARM_CM0/port.o
 .comment       0x000000000000007b       0x7c Middlewares/Third_Party/FreeRTOS/Source/portable/MemMang/heap_4.o

.debug_frame    0x0000000000000000     0x3290
 .debug_frame   0x0000000000000000       0x30 Core/Src/freertos.o
 .debug_frame   0x0000000000000030      0x110 Core/Src/main.o
 .debug_frame   0x0000000000000140       0x30 Core/Src/stm32f0xx_hal_msp.o
 .debug_frame   0x0000000000000170       0x68 Core/Src/stm32f0xx_hal_timebase_tim.o
 .debug_frame   0x00000000000001d8       0x64 Core/Src/stm32f0xx_it.o
 .debug_frame   0x000000000000023c       0x4c Core/Src/system_stm32f0xx.o
 .debug_frame   0x0000000000000288      0x2a4 Drivers/STM32F0xx_HAL_Driver/Src/stm32f0xx_hal.o
 .debug_frame   0x000000000000052c      0x2a0 Drivers/STM32F0xx_HAL_Driver/Src/stm32f0xx_hal_cortex.o
 .debug_frame   0x00000000000007cc      0x110 Drivers/STM32F0xx_HAL_Driver/Src/stm32f0xx_hal_gpio.o
 .debug_frame   0x00000000000008dc      0x198 Drivers/STM32F0xx_HAL_Driver/Src/stm32f0xx_hal_rcc.o
 .debug_frame   0x0000000000000a74      0xe90 Drivers/STM32F0xx_HAL_Driver/Src/stm32f0xx_hal_tim.o
 .debug_frame   0x0000000000001904      0x4f0 Drivers/STM32F0xx_HAL_Driver/Src/stm32f0xx_hal_tim_ex.o
 .debug_frame   0x0000000000001df4      0x6f4 Middlewares/Third_Party/FreeRTOS/Source/CMSIS_RTOS/cmsis_os.o
 .debug_frame   0x00000000000024e8       0xb0 Middlewares/Third_Party/FreeRTOS/Source/list.o
 .debug_frame   0x0000000000002598      0x3d0 Middlewares/Third_Party/FreeRTOS/Source/queue.o
 .debug_frame   0x0000000000002968      0x63c Middlewares/Third_Party/FreeRTOS/Source/tasks.o
 .debug_frame   0x0000000000002fa4      0x174 Middlewares/Third_Party/FreeRTOS/Source/portable/GCC/ARM_CM0/port.o
 .debug_frame   0x0000000000003118       0xe4 Middlewares/Third_Party/FreeRTOS/Source/portable/MemMang/heap_4.o
 .debug_frame   0x00000000000031fc       0x2c /opt/st/stm32cubeide_1.4.0/plugins/com.st.stm32cube.ide.mcu.externaltools.gnu-tools-for-stm32.7-2018-q2-update.linux64_1.4.0.202007081208/tools/bin/../lib/gcc/arm-none-eabi/7.3.1/../../../../arm-none-eabi/lib/thumb/v6-m/libc_nano.a(lib_a-init.o)
 .debug_frame   0x0000000000003228       0x28 /opt/st/stm32cubeide_1.4.0/plugins/com.st.stm32cube.ide.mcu.externaltools.gnu-tools-for-stm32.7-2018-q2-update.linux64_1.4.0.202007081208/tools/bin/../lib/gcc/arm-none-eabi/7.3.1/../../../../arm-none-eabi/lib/thumb/v6-m/libc_nano.a(lib_a-memcpy-stub.o)
 .debug_frame   0x0000000000003250       0x20 /opt/st/stm32cubeide_1.4.0/plugins/com.st.stm32cube.ide.mcu.externaltools.gnu-tools-for-stm32.7-2018-q2-update.linux64_1.4.0.202007081208/tools/bin/../lib/gcc/arm-none-eabi/7.3.1/../../../../arm-none-eabi/lib/thumb/v6-m/libc_nano.a(lib_a-memset.o)
 .debug_frame   0x0000000000003270       0x20 /opt/st/stm32cubeide_1.4.0/plugins/com.st.stm32cube.ide.mcu.externaltools.gnu-tools-for-stm32.7-2018-q2-update.linux64_1.4.0.202007081208/tools/bin/../lib/gcc/arm-none-eabi/7.3.1/thumb/v6-m/libgcc.a(_udivsi3.o)
